
------------------------------------------------------------------------------------------------------------------------
!TASK: Migrating from source-tool 'Arm Compiler' (com.ti.ccstudio.buildDefinitions.TMS470_20.2.library.compilerDebug.1378529395) ... [Sat Mar 28 11:24:46 CST 2026]

	!CONFIGURATION: 'Debug__TI' (com.ti.ccstudio.buildDefinitions.TMS470.Debug.1734165205)

		!TOOL: 'Arm Compiler' (com.ti.ccstudio.buildDefinitions.TMS470_TICLANG_4.0.library.compilerDebug.772287312)

			!ERROR: java.io.IOException: Cannot run program "" (in directory "D:\git\EK-TM4C129EXL\TM4C129E_ApplicationLib\Debug__TI"): CreateProcess error=87, El parámetro no es correcto
				at java.base/java.lang.ProcessBuilder.start(Unknown Source)
				at java.base/java.lang.ProcessBuilder.start(Unknown Source)
				at java.base/java.lang.Runtime.exec(Unknown Source)
				at com.ti.ccs.project.initializer.ConfigurationInitializer.getCanonicalizedToolSettings(ConfigurationInitializer.java:2139)
				at com.ti.ccs.project.initializer.ConfigurationInitializer.migrateBuildOptions(ConfigurationInitializer.java:1664)
				at com.ti.ccs.project.initializer.ConfigurationInitializer.doCopyBuildOptions(ConfigurationInitializer.java:1310)
				at com.ti.ccs.project.initializer.ConfigurationInitializer.copyBuildOptions(ConfigurationInitializer.java:430)
				at com.ti.ccs.project.initializer.ConfigurationInitializer.internalCopyBuildOptions(ConfigurationInitializer.java:1233)
				at com.ti.ccs.project.initializer.ConfigurationInitializer.internalInitializeBuildOptions(ConfigurationInitializer.java:892)
				at com.ti.ccs.project.initializer.ConfigurationInitializer.initializeFromExisting(ConfigurationInitializer.java:286)
				at com.ti.ccs.project.services.ProjectModifier$1.run(ProjectModifier.java:1246)
				at org.eclipse.core.internal.resources.Workspace.run(Workspace.java:2380)
				at org.eclipse.core.internal.resources.Workspace.run(Workspace.java:2405)
				at com.ti.ccs.project.services.ProjectModifier.modifyCCSProject(ProjectModifier.java:1208)
				at com.ti.ccs.project.services.ProjectModifier.modifyCCSProject(ProjectModifier.java:1166)
				at com.ti.ccs.server.handlers.ProjectPropertiesHandler.cmd_modifyProjectProperties_end(ProjectPropertiesHandler.java:1618)
				at com.ti.ccs.server.handlers.ProjectPropertiesHandler$14.handle(ProjectPropertiesHandler.java:613)
				at com.ti.ccs.server.events.IServerRequestHandler$Impl.handle(IServerRequestHandler.java:34)
				at com.ti.ccs.server.CCSServer$RequestHandlerJob.run(CCSServer.java:174)
				at org.eclipse.core.internal.jobs.Worker.run(Worker.java:63)
			Caused by: java.io.IOException: CreateProcess error=87, El parámetro no es correcto
				at java.base/java.lang.ProcessImpl.create(Native Method)
				at java.base/java.lang.ProcessImpl.<init>(Unknown Source)
				at java.base/java.lang.ProcessImpl.start(Unknown Source)
				... 20 more
			

!END_TASK: [Sat Mar 28 11:24:46 CST 2026]

